 Container imood-emotion-app-run-fecc80f2d15b Creating 
 Container imood-emotion-app-run-fecc80f2d15b Created 
載入模型（device=cuda）…
Loading weights:   0%|          | 0/202 [00:00<?, ?it/s]Loading weights:  69%|██████▉   | 140/202 [00:00<00:00, 1388.60it/s]Loading weights: 100%|██████████| 202/202 [00:00<00:00, 1602.02it/s]
  ⚠️ 模型 config 只有 LABEL_0..7 佔位符，標籤順序無法從模型驗證，只驗到類別數 8 相符
     順序出處：https://huggingface.co/Johnson8187/Chinese-Emotion-Small （model card 的 label_mapping）
熱身 30 句…
開始掃描 12 種間隔 × 25 句
  gap=0.0s：先閒置 9.0s 讓時脈落底… 起始 SM=210MHz，開始量測
    → 1128 句，結束 SM=1912MHz 49.0W 84°C throttle=[]
  gap=0.05s：先閒置 9.0s 讓時脈落底… 起始 SM=210MHz，開始量測
    → 345 句，結束 SM=472MHz 20.9W 68°C throttle=['GpuIdle']
  gap=0.1s：先閒置 9.0s 讓時脈落底… 起始 SM=210MHz，開始量測
    → 194 句，結束 SM=832MHz 18.05W 63°C throttle=['GpuIdle']
  gap=0.2s：先閒置 9.0s 讓時脈落底… 起始 SM=210MHz，開始量測
    → 109 句，結束 SM=465MHz 16.55W 62°C throttle=['GpuIdle']
  gap=0.35s：先閒置 9.0s 讓時脈落底… 起始 SM=210MHz，開始量測
    → 69 句，結束 SM=457MHz 15.67W 61°C throttle=['GpuIdle']
  gap=0.5s：先閒置 9.0s 讓時脈落底… 起始 SM=210MHz，開始量測
    → 50 句，結束 SM=465MHz 15.0W 60°C throttle=['GpuIdle']
  gap=0.75s：先閒置 9.0s 讓時脈落底… 起始 SM=210MHz，開始量測
    → 36 句，結束 SM=465MHz 15.76W 59°C throttle=['GpuIdle']
  gap=1.0s：先閒置 9.0s 讓時脈落底… 起始 SM=210MHz，開始量測
    → 27 句，結束 SM=352MHz 13.86W 58°C throttle=['GpuIdle']
  gap=1.5s：先閒置 9.0s 讓時脈落底… 起始 SM=210MHz，開始量測
    → 25 句，結束 SM=240MHz 13.4W 58°C throttle=['GpuIdle']
  gap=2.0s：先閒置 9.0s 讓時脈落底… 起始 SM=210MHz，開始量測
    → 25 句，結束 SM=210MHz 13.1W 57°C throttle=['GpuIdle']
  gap=3.0s：先閒置 9.0s 讓時脈落底… 起始 SM=210MHz，開始量測
    → 25 句，結束 SM=210MHz 12.87W 56°C throttle=['GpuIdle']
  gap=5.0s：先閒置 9.0s 讓時脈落底… 起始 SM=210MHz，開始量測
    → 25 句，結束 SM=210MHz 12.68W 55°C throttle=['GpuIdle']

寫出 research/gpu-warmup/results/exp1_sweep_cuda.jsonl（2058 筆）

     間隔    n    p50(穩態)    p95(穩態)    p50(全)   SM MHz     功耗W    溫度
    0.0 1128     17.476     46.545    16.816   1912.0   45.64  81.0
   0.05  345     33.543     41.409    32.846    510.0   21.01  69.0
    0.1  194     56.239     62.752    55.005    622.0   17.98  64.0
    0.2  109     61.534    124.324     61.55    472.0   16.66  62.0
   0.35   69     61.556    127.681    62.073    465.0   15.86  61.0
    0.5   50    120.338    133.327   122.007    420.0   15.01  60.0
   0.75   36     92.489    138.338   122.969    397.0   15.02  59.0
    1.0   27    124.035    140.058    123.96    360.0   14.03  58.0
    1.5   25    125.343    140.913    127.26    300.0   13.87  58.0
    2.0   25    137.542    141.065   137.582    322.0   12.64  57.0
    3.0   25    138.718    141.714   138.572    210.0   12.36  56.0
    5.0   25    138.843    141.335   138.864    210.0   12.17  55.0
